EN colors NULL "//fs-caedm/tcowley0/EE 320/Lab6_EE320_Taylor_Cowley/colors.vhd" sub00/vhpl00 1456605369
AR colors yolo "//fs-caedm/tcowley0/EE 320/Lab6_EE320_Taylor_Cowley/colors.vhd" sub00/vhpl01 1456605370
EN vga_timing NULL "//fs-caedm/tcowley0/EE 320/Lab5_EE320_Taylor_Cowley/vga_timing.vhd" sub00/vhpl02 1456605367
AR vga_timing behavioral "//fs-caedm/tcowley0/EE 320/Lab5_EE320_Taylor_Cowley/vga_timing.vhd" sub00/vhpl03 1456605368
