AR framebuffer taylor "//fs-caedm/tcowley0/EE 320/Essential last project 2/frameBuffer.vhd" sub00/vhpl05 1460164262
EN vga_timing NULL "//fs-caedm/tcowley0/EE 320/Essential last project 2/vga_timing.vhd" sub00/vhpl02 1460164259
AR sramcontroller yolo "//fs-caedm/tcowley0/EE 320/Essential last project 2/sramController (2).vhd" sub00/vhpl01 1460164258
EN framebuffer NULL "//fs-caedm/tcowley0/EE 320/Essential last project 2/frameBuffer.vhd" sub00/vhpl04 1460164261
AR vga_timing behavioral "//fs-caedm/tcowley0/EE 320/Essential last project 2/vga_timing.vhd" sub00/vhpl03 1460164260
EN sramcontroller NULL "//fs-caedm/tcowley0/EE 320/Essential last project 2/sramController (2).vhd" sub00/vhpl00 1460164257
