EN memory_top NULL "//fs-caedm/tcowley0/EE 320/Lab11_EE320_Taylor_Cowley/memory_top.vhd" sub00/vhpl08 1458781671
AR memory_top taylor "//fs-caedm/tcowley0/EE 320/Lab11_EE320_Taylor_Cowley/memory_top.vhd" sub00/vhpl09 1458781672
AR seven_segment_control best "//fs-caedm/tcowley0/EE 320/Lab9_EE320_Taylor_Cowley/seven_seg_control.vhd" sub00/vhpl07 1458781670
EN seven_segment_control NULL "//fs-caedm/tcowley0/EE 320/Lab9_EE320_Taylor_Cowley/seven_seg_control.vhd" sub00/vhpl06 1458781669
AR framebuffer taylor "//fs-caedm/tcowley0/EE 320/Lab11_EE320_Taylor_Cowley/frameBuffer.vhd" sub00/vhpl05 1458859829
EN vga_timing NULL "//fs-caedm/tcowley0/EE 320/Lab11_EE320_Taylor_Cowley/vga_timing.vhd" sub00/vhpl02 1458859826
AR sramcontroller yolo "//fs-caedm/tcowley0/EE 320/Lab11_EE320_Taylor_Cowley/sramController.vhd" sub00/vhpl01 1458859825
EN framebuffer NULL "//fs-caedm/tcowley0/EE 320/Lab11_EE320_Taylor_Cowley/frameBuffer.vhd" sub00/vhpl04 1458859828
AR vga_timing behavioral "//fs-caedm/tcowley0/EE 320/Lab11_EE320_Taylor_Cowley/vga_timing.vhd" sub00/vhpl03 1458859827
EN sramcontroller NULL "//fs-caedm/tcowley0/EE 320/Lab11_EE320_Taylor_Cowley/sramController.vhd" sub00/vhpl00 1458859824
