EN memory_top NULL "//fs-caedm/tcowley0/EE 320/Lab9_EE320_Taylor_Cowley/memory_top.vhd" sub00/vhpl02 1458780245
AR memory_top taylor "//fs-caedm/tcowley0/EE 320/Lab9_EE320_Taylor_Cowley/memory_top.vhd" sub00/vhpl06 1458780246
AR seven_segment_control best "//fs-caedm/tcowley0/EE 320/Lab9_EE320_Taylor_Cowley/seven_seg_control.vhd" sub00/vhpl04 1458780244
EN seven_segment_control NULL "//fs-caedm/tcowley0/EE 320/Lab9_EE320_Taylor_Cowley/seven_seg_control.vhd" sub00/vhpl03 1458780243
AR sramcontroller yolo "//fs-caedm/tcowley0/EE 320/Lab9_EE320_Taylor_Cowley/sramController.vhd" sub00/vhpl01 1458780242
EN sramcontroller NULL "//fs-caedm/tcowley0/EE 320/Lab9_EE320_Taylor_Cowley/sramController.vhd" sub00/vhpl00 1458780241
EN tb_sramcontroller NULL "//fs-caedm/tcowley0/EE 320/Lab9_EE320_Taylor_Cowley/tb_sramController.vhd" sub00/vhpl05 1457978923
